# The encoding matrix golden -- see src/command/encoding_matrix.rs.
# Columns: type n elem bulk incr decode.
# Captured on f7c83769 (pristine, before the EncodingLimits authority) with
# this test file, then the 20 cells of moon#896 -- hash/zset, BULK column,
# n in {65,66,100,127,128} at 8- and 64-byte elements, hashtable/skiplist ->
# listpack -- flipped by the commit that fixed the entry gate's unit. Every
# other hash/set/zset/list cell is the pristine value.
# The `intset` (n canonical integers; elem is 0) and `mixed` (n integers then
# one string of elem bytes) sections were added with the intset -> listpack
# edge (moon#899) and captured on that tree; on f7c83769 every `mixed` row
# with n <= 127 and elem <= 64 read `listpack hashtable listpack`.
# BEGIN
# type n elem bulk incr decode
hash 1 8 listpack listpack listpack
hash 1 64 listpack listpack listpack
hash 1 65 hashtable hashtable hashtable
hash 2 8 listpack listpack listpack
hash 2 64 listpack listpack listpack
hash 2 65 hashtable hashtable hashtable
hash 63 8 listpack listpack listpack
hash 63 64 listpack listpack listpack
hash 63 65 hashtable hashtable hashtable
hash 64 8 listpack listpack listpack
hash 64 64 listpack listpack listpack
hash 64 65 hashtable hashtable hashtable
hash 65 8 listpack listpack listpack
hash 65 64 listpack listpack listpack
hash 65 65 hashtable hashtable hashtable
hash 66 8 listpack listpack listpack
hash 66 64 listpack listpack listpack
hash 66 65 hashtable hashtable hashtable
hash 100 8 listpack listpack listpack
hash 100 64 listpack listpack listpack
hash 100 65 hashtable hashtable hashtable
hash 127 8 listpack listpack listpack
hash 127 64 listpack listpack listpack
hash 127 65 hashtable hashtable hashtable
hash 128 8 listpack listpack listpack
hash 128 64 listpack listpack listpack
hash 128 65 hashtable hashtable hashtable
hash 129 8 hashtable hashtable hashtable
hash 129 64 hashtable hashtable hashtable
hash 129 65 hashtable hashtable hashtable
hash 130 8 hashtable hashtable hashtable
hash 130 64 hashtable hashtable hashtable
hash 130 65 hashtable hashtable hashtable
hash 200 8 hashtable hashtable hashtable
hash 200 64 hashtable hashtable hashtable
hash 200 65 hashtable hashtable hashtable
hash 256 8 hashtable hashtable hashtable
hash 256 64 hashtable hashtable hashtable
hash 256 65 hashtable hashtable hashtable
hash 257 8 hashtable hashtable hashtable
hash 257 64 hashtable hashtable hashtable
hash 257 65 hashtable hashtable hashtable
hash 300 8 hashtable hashtable hashtable
hash 300 64 hashtable hashtable hashtable
hash 300 65 hashtable hashtable hashtable
set 1 8 listpack listpack listpack
set 1 64 listpack listpack listpack
set 1 65 hashtable hashtable hashtable
set 2 8 listpack listpack listpack
set 2 64 listpack listpack listpack
set 2 65 hashtable hashtable hashtable
set 63 8 listpack listpack listpack
set 63 64 listpack listpack listpack
set 63 65 hashtable hashtable hashtable
set 64 8 listpack listpack listpack
set 64 64 listpack listpack listpack
set 64 65 hashtable hashtable hashtable
set 65 8 listpack listpack listpack
set 65 64 listpack listpack listpack
set 65 65 hashtable hashtable hashtable
set 66 8 listpack listpack listpack
set 66 64 listpack listpack listpack
set 66 65 hashtable hashtable hashtable
set 100 8 listpack listpack listpack
set 100 64 listpack listpack listpack
set 100 65 hashtable hashtable hashtable
set 127 8 listpack listpack listpack
set 127 64 listpack listpack listpack
set 127 65 hashtable hashtable hashtable
set 128 8 listpack listpack listpack
set 128 64 listpack listpack listpack
set 128 65 hashtable hashtable hashtable
set 129 8 hashtable hashtable hashtable
set 129 64 hashtable hashtable hashtable
set 129 65 hashtable hashtable hashtable
set 130 8 hashtable hashtable hashtable
set 130 64 hashtable hashtable hashtable
set 130 65 hashtable hashtable hashtable
set 200 8 hashtable hashtable hashtable
set 200 64 hashtable hashtable hashtable
set 200 65 hashtable hashtable hashtable
set 256 8 hashtable hashtable hashtable
set 256 64 hashtable hashtable hashtable
set 256 65 hashtable hashtable hashtable
set 257 8 hashtable hashtable hashtable
set 257 64 hashtable hashtable hashtable
set 257 65 hashtable hashtable hashtable
set 300 8 hashtable hashtable hashtable
set 300 64 hashtable hashtable hashtable
set 300 65 hashtable hashtable hashtable
zset 1 8 listpack listpack listpack
zset 1 64 listpack listpack listpack
zset 1 65 skiplist skiplist skiplist
zset 2 8 listpack listpack listpack
zset 2 64 listpack listpack listpack
zset 2 65 skiplist skiplist skiplist
zset 63 8 listpack listpack listpack
zset 63 64 listpack listpack listpack
zset 63 65 skiplist skiplist skiplist
zset 64 8 listpack listpack listpack
zset 64 64 listpack listpack listpack
zset 64 65 skiplist skiplist skiplist
zset 65 8 listpack listpack listpack
zset 65 64 listpack listpack listpack
zset 65 65 skiplist skiplist skiplist
zset 66 8 listpack listpack listpack
zset 66 64 listpack listpack listpack
zset 66 65 skiplist skiplist skiplist
zset 100 8 listpack listpack listpack
zset 100 64 listpack listpack listpack
zset 100 65 skiplist skiplist skiplist
zset 127 8 listpack listpack listpack
zset 127 64 listpack listpack listpack
zset 127 65 skiplist skiplist skiplist
zset 128 8 listpack listpack listpack
zset 128 64 listpack listpack listpack
zset 128 65 skiplist skiplist skiplist
zset 129 8 skiplist skiplist skiplist
zset 129 64 skiplist skiplist skiplist
zset 129 65 skiplist skiplist skiplist
zset 130 8 skiplist skiplist skiplist
zset 130 64 skiplist skiplist skiplist
zset 130 65 skiplist skiplist skiplist
zset 200 8 skiplist skiplist skiplist
zset 200 64 skiplist skiplist skiplist
zset 200 65 skiplist skiplist skiplist
zset 256 8 skiplist skiplist skiplist
zset 256 64 skiplist skiplist skiplist
zset 256 65 skiplist skiplist skiplist
zset 257 8 skiplist skiplist skiplist
zset 257 64 skiplist skiplist skiplist
zset 257 65 skiplist skiplist skiplist
zset 300 8 skiplist skiplist skiplist
zset 300 64 skiplist skiplist skiplist
zset 300 65 skiplist skiplist skiplist
list 1 8 listpack listpack listpack
list 1 64 listpack listpack listpack
list 1 65 linkedlist linkedlist linkedlist
list 2 8 listpack listpack listpack
list 2 64 listpack listpack listpack
list 2 65 linkedlist linkedlist linkedlist
list 63 8 listpack listpack listpack
list 63 64 listpack listpack listpack
list 63 65 linkedlist linkedlist linkedlist
list 64 8 listpack listpack listpack
list 64 64 listpack listpack listpack
list 64 65 linkedlist linkedlist linkedlist
list 65 8 listpack listpack listpack
list 65 64 listpack listpack listpack
list 65 65 linkedlist linkedlist linkedlist
list 66 8 listpack listpack listpack
list 66 64 listpack listpack listpack
list 66 65 linkedlist linkedlist linkedlist
list 100 8 listpack listpack listpack
list 100 64 listpack listpack listpack
list 100 65 linkedlist linkedlist linkedlist
list 127 8 listpack listpack listpack
list 127 64 listpack listpack listpack
list 127 65 linkedlist linkedlist linkedlist
list 128 8 listpack listpack listpack
list 128 64 listpack listpack listpack
list 128 65 linkedlist linkedlist linkedlist
list 129 8 linkedlist linkedlist linkedlist
list 129 64 linkedlist linkedlist linkedlist
list 129 65 linkedlist linkedlist linkedlist
list 130 8 linkedlist linkedlist linkedlist
list 130 64 linkedlist linkedlist linkedlist
list 130 65 linkedlist linkedlist linkedlist
list 200 8 linkedlist linkedlist linkedlist
list 200 64 linkedlist linkedlist linkedlist
list 200 65 linkedlist linkedlist linkedlist
list 256 8 linkedlist linkedlist linkedlist
list 256 64 linkedlist linkedlist linkedlist
list 256 65 linkedlist linkedlist linkedlist
list 257 8 linkedlist linkedlist linkedlist
list 257 64 linkedlist linkedlist linkedlist
list 257 65 linkedlist linkedlist linkedlist
list 300 8 linkedlist linkedlist linkedlist
list 300 64 linkedlist linkedlist linkedlist
list 300 65 linkedlist linkedlist linkedlist
intset 1 0 intset intset intset
mixed 1 8 listpack listpack listpack
mixed 1 64 listpack listpack listpack
mixed 1 65 hashtable hashtable hashtable
intset 3 0 intset intset intset
mixed 3 8 listpack listpack listpack
mixed 3 64 listpack listpack listpack
mixed 3 65 hashtable hashtable hashtable
intset 63 0 intset intset intset
mixed 63 8 listpack listpack listpack
mixed 63 64 listpack listpack listpack
mixed 63 65 hashtable hashtable hashtable
intset 64 0 intset intset intset
mixed 64 8 listpack listpack listpack
mixed 64 64 listpack listpack listpack
mixed 64 65 hashtable hashtable hashtable
intset 100 0 intset intset intset
mixed 100 8 listpack listpack listpack
mixed 100 64 listpack listpack listpack
mixed 100 65 hashtable hashtable hashtable
intset 126 0 intset intset intset
mixed 126 8 listpack listpack listpack
mixed 126 64 listpack listpack listpack
mixed 126 65 hashtable hashtable hashtable
intset 127 0 intset intset intset
mixed 127 8 listpack listpack listpack
mixed 127 64 listpack listpack listpack
mixed 127 65 hashtable hashtable hashtable
intset 128 0 intset intset intset
mixed 128 8 hashtable hashtable hashtable
mixed 128 64 hashtable hashtable hashtable
mixed 128 65 hashtable hashtable hashtable
intset 129 0 intset intset intset
mixed 129 8 hashtable hashtable hashtable
mixed 129 64 hashtable hashtable hashtable
mixed 129 65 hashtable hashtable hashtable
intset 200 0 intset intset intset
mixed 200 8 hashtable hashtable hashtable
mixed 200 64 hashtable hashtable hashtable
mixed 200 65 hashtable hashtable hashtable
intset 512 0 intset intset intset
mixed 512 8 hashtable hashtable hashtable
mixed 512 64 hashtable hashtable hashtable
mixed 512 65 hashtable hashtable hashtable
intset 513 0 hashtable hashtable hashtable
mixed 513 8 hashtable hashtable hashtable
mixed 513 64 hashtable hashtable hashtable
mixed 513 65 hashtable hashtable hashtable
# END
